// Jest Snapshot v1, https://goo.gl/fbAQLP

exports[`description renders correct description 1`] = `
"<div class="openapi">

# TEST ENDPOINT

## Request

#||| **method** | **url** | **description** ||

|| 
\`\`\`
POST
\`\`\`
 | 
\`\`\`
http://localhost:8080/description
\`\`\`
 | 
\`\`\`
Generated server url
\`\`\`
 |||#

## Responses

## 200 OK

#### Body

{% cut "application/json" %}


\`\`\`
{
    "pet": {
        "type": "string",
        "foo": "string"
    },
    "petWithoutDescription": {
        "type": "string",
        "foo": "string"
    },
    "refToSchemaWithDescription": {
        "type": "string",
        "bar": "string"
    },
    "simpleDescription": {}
}
\`\`\`


{% endcut %}


#||| **Name** | **Type** | **Description** ||

|| pet | [Cat](#cat) | From response ||

|| petWithoutDescription | [Cat](#cat) | Cat class ||

|| refToSchemaWithDescription | [Dog](#dog) | Dog class ||

|| simpleDescription | object | Simple description |||#

### Cat

Cat class

#||| **Name** | **Type** | **Description** ||

|| type | string |  ||

|| foo | string |  |||#

### Dog

Dog class

#||| **Name** | **Type** | **Description** ||

|| type | string |  ||

|| bar | string |  |||#
<!-- markdownlint-disable-file -->

</div>"
`;
