// Jest Snapshot v1, https://goo.gl/fbAQLP

exports[`operators complex test renders ok 1`] = `
"<div class="openapi">

# complex

## Request

<div class="openapi__requests">

<div class="openapi__request__wrapper" style="--method: var(--dc-openapi-methods-post);margin-bottom: 12px">

<div class="openapi__request">

POST {.openapi__method} 
\`\`\`
http://localhost:8080/test
\`\`\`



</div>

Generated server url

</div>

</div>

<div class="openapi-entity">

### Body

{% cut "application/json" %}


\`\`\`json
{
    "name": "b",
    "age": {
        "c": "c"
    },
    "type": "string",
    "bar": "string"
}
\`\`\`


{% endcut %}


#|||
 **Name** 
|
 **Description** 
||

||
 age 
|
 **Type:** any 
||

||
 name 
|
 **Type:** string

<span class="openapi-description-annotation">Default:</span> \`b\` 
||

||
 ...rest 
|
 **oneOf** [Dog](#dog)

Dog class 
||

||
 ...rest 
|
 **oneOf** [Cat](#cat)

Cat class 
|||#

</div>

<div class="openapi-entity">

### Dog

Dog class

#|||
 **Name** 
|
 **Description** 
||

||
 bar 
|
 **Type:** string 
||

||
 type 
|
 **Type:** string 
|||#

</div>

<div class="openapi-entity">

### Cat

Cat class

#|||
 **Name** 
|
 **Description** 
||

||
 foo 
|
 **Type:** string 
||

||
 type 
|
 **Type:** string 
|||#

</div>

## Responses

<div class="openapi__response__code__200">

## 200 OK

Base 200 response

<div class="openapi-entity">

### Body

{% cut "application/json" %}


\`\`\`json
{
    "name": "b",
    "age": {
        "c": "c"
    },
    "type": "string",
    "bar": "string"
}
\`\`\`


{% endcut %}


#|||
 **Name** 
|
 **Description** 
||

||
 age 
|
 **Type:** any 
||

||
 name 
|
 **Type:** string

<span class="openapi-description-annotation">Default:</span> \`b\` 
||

||
 ...rest 
|
 **oneOf** [Dog](#dog)

Dog class 
||

||
 ...rest 
|
 **oneOf** [Cat](#cat)

Cat class 
|||#

</div>

</div>
<!-- markdownlint-disable-file -->

</div>"
`;
