// Jest Snapshot v1, https://goo.gl/fbAQLP

exports[`operators complex test renders ok 1`] = `
"<div class="openapi">

# complex

## Request

<div class="openapi__request__wrapper">

<div class="openapi__request" style="--method: var(--dc-openapi-methods-post)">

POST {.openapi__method}


\`\`\`
http://localhost:8080/test
\`\`\`


</div>

</div>

Generated server url{.openapi__request__description}

### Body

{% cut "application/json" %}


\`\`\`json
{
    "name": "b",
    "age": {
        "c": "c"
    }
}
\`\`\`


{% endcut %}


#|||
 **Name** 
|
 **Type** 
|
 **Description** 
||

||
 name 
|
 string 
|
 <span style="color:gray;">Default</span>: \`b\` 
||

||
 age 
|
 any 
|
 
 
||

||
 ...rest 
|
 oneOf 
|
 [Dog](#dog) 
or [Cat](#cat) 
|||#
#### Or value from:


### Dog

Dog class

#|||
 **Name** 
|
 **Type** 
|
 **Description** 
||

||
 type 
|
 string 
|
 
 
||

||
 bar 
|
 string 
|
 
 
|||#

### Cat

Cat class

#|||
 **Name** 
|
 **Type** 
|
 **Description** 
||

||
 type 
|
 string 
|
 
 
||

||
 foo 
|
 string 
|
 
 
|||#

## Responses

<div class="openapi__response__code__200">

## 200 OK

Base 200 response

### Body

{% cut "application/json" %}


\`\`\`json
{
    "name": "b",
    "age": {
        "c": "c"
    }
}
\`\`\`


{% endcut %}


#|||
 **Name** 
|
 **Type** 
|
 **Description** 
||

||
 name 
|
 string 
|
 <span style="color:gray;">Default</span>: \`b\` 
||

||
 age 
|
 any 
|
 
 
||

||
 ...rest 
|
 oneOf 
|
 [Dog](#dog) 
or [Cat](#cat) 
|||#
#### Or value from:


</div>
<!-- markdownlint-disable-file -->

</div>"
`;
