// Jest Snapshot v1, https://goo.gl/fbAQLP

exports[`description renders correct description 1`] = `
"<div class="openapi">

# TEST ENDPOINT

## Request

#||| **method** | **url** | **description** ||

|| 
\`\`\`
POST
\`\`\`
 | 
\`\`\`
http://localhost:8080/description
\`\`\`
 | 
\`\`\`
Generated server url
\`\`\`
 |||#

### Query parameters

#||| **Name** | **Type** | **Description** ||

|| a | number |  ||

|| b | number |  ||

|| c<span class="openapi__required">*</span> | number |  |||#

#### Body

{% cut "application/json" %}


\`\`\`
{
    "a": 0,
    "b": 0,
    "c": 0
}
\`\`\`


{% endcut %}


#||| **Name** | **Type** | **Description** ||

|| a<span class="openapi__required">*</span> | number |  ||

|| b | number |  ||

|| c | number |  |||#

## Responses

## 200 OK

#### Body

{% cut "application/json" %}


\`\`\`
{
    "type": "string",
    "foo": "string"
}
\`\`\`


{% endcut %}


#||| **Name** | **Type** | **Description** ||

|| type | string |  ||

|| foo | string |  |||#
<!-- markdownlint-disable-file -->

</div>"
`;
