// Jest Snapshot v1, https://goo.gl/fbAQLP

exports[`length renders correct length limits 1`] = `
"<div class="openapi">

# length

## Request

<div class="openapi__requests">

<div class="openapi__request__wrapper" style="--method: var(--dc-openapi-methods-post);margin-bottom: 12px">

<div class="openapi__request">

POST {.openapi__method} 
\`\`\`
http://localhost:8080/test
\`\`\`



</div>

Generated server url

</div>

</div>

## Responses

<div class="openapi__response__code__200">

## 200 OK

<div class="openapi-entity">

### Body

{% cut "application/json" %}


\`\`\`json
{
    "pet": {
        "name": "string",
        "foo": "string"
    },
    "petWithoutDescription": {
        "name": "string",
        "foo": "string"
    },
    "refToSchemaWithDescription": {
        "name": "string",
        "bar": "string"
    }
}
\`\`\`


{% endcut %}


#|||
 **Name** 
|
 **Description** 
||

||
 pet 
|
 **Type:** [Cat](#cat)

From response 
||

||
 petWithoutDescription 
|
 **Type:** [Cat](#cat)

Cat class 
||

||
 refToSchemaWithDescription 
|
 **Type:** [Dog](#dog)

Dog class 
|||#

</div>

<div class="openapi-entity">

### Cat

Cat class

#|||
 **Name** 
|
 **Description** 
||

||
 foo 
|
 **Type:** string

<span class="openapi-description-annotation">Min length:</span> \`3\` 
||

||
 name 
|
 **Type:** string 
|||#

</div>

<div class="openapi-entity">

### Dog

Dog class

#|||
 **Name** 
|
 **Description** 
||

||
 bar 
|
 **Type:** string

<span class="openapi-description-annotation">Min length:</span> \`1\`<br><span class="openapi-description-annotation">Max length:</span> \`99\` 
||

||
 name 
|
 **Type:** string

Pet name<br><span class="openapi-description-annotation">Max length:</span> \`100\` 
|||#

</div>

</div>
<!-- markdownlint-disable-file -->

</div>"
`;
