// Jest Snapshot v1, https://goo.gl/fbAQLP

exports[`basic openapi project renders description 1`] = `
"<div class="openapi">

# basic

## Request

<div class="openapi__request__wrapper">

<div class="openapi__request" style="--method: var(--dc-openapi-methods-post)">

POST {.openapi__method}


\`\`\`
http://localhost:8080/test
\`\`\`


</div>

</div>

Generated server url{.openapi__request__description}

## Responses

<div class="openapi__response__code__200">

## 200 OK

Base 200 response

### Body

{% cut "application/json" %}


\`\`\`json
{
    "type": "string",
    "foo": "string"
}
\`\`\`


{% endcut %}


#|||
 **Name** 
|
 **Type** 
|
 **Description** 
||

||
 type 
|
 string 
|
 
 
||

||
 foo 
|
 string 
|
 
 
|||#

</div>

<div class="openapi__response__code__404">

## 404 Not Found

Base 200 response

### Body

{% cut "application/json" %}


\`\`\`json
{
    "type": "string",
    "bar": "string"
}
\`\`\`


{% endcut %}


#|||
 **Name** 
|
 **Type** 
|
 **Description** 
||

||
 type 
|
 string 
|
 
 
||

||
 bar 
|
 string 
|
 
 
|||#

</div>
<!-- markdownlint-disable-file -->

</div>"
`;
