// Jest Snapshot v1, https://goo.gl/fbAQLP

exports[`description renders correct description 1`] = `
"<div class="openapi">

# description

## Request

<div class="openapi__requests">

<div class="openapi__request__wrapper" style="--method: var(--dc-openapi-methods-post);margin-bottom: 12px">

<div class="openapi__request">

POST {.openapi__method} 
\`\`\`
http://localhost:8080/test
\`\`\`



</div>

Generated server url

</div>

</div>

## Responses

<div class="openapi__response__code__200">

## 200 OK

<div class="openapi-entity">

### Body

{% cut "application/json" %}


\`\`\`json
{
    "pet": {
        "type": "string",
        "foo": "string"
    },
    "petWithoutDescription": {
        "type": "string",
        "foo": "string"
    },
    "refToSchemaWithDescription": {
        "type": "string",
        "bar": "string"
    },
    "simpleDescription": {}
}
\`\`\`


{% endcut %}


#|||
 **Name** 
|
 **Description** 
||

||
 pet 
|
 **Type:** [Cat](#cat)

From response 
||

||
 petWithoutDescription 
|
 **Type:** [Cat](#cat)

Cat class 
||

||
 refToSchemaWithDescription 
|
 **Type:** [Dog](#dog)

Dog class 
||

||
 simpleDescription 
|
 **Type:** object

Simple description 
|||#

</div>

<div class="openapi-entity">

### Cat

Cat class

#|||
 **Name** 
|
 **Description** 
||

||
 foo 
|
 **Type:** string 
||

||
 type 
|
 **Type:** string 
|||#

</div>

<div class="openapi-entity">

### Dog

Dog class

#|||
 **Name** 
|
 **Description** 
||

||
 bar 
|
 **Type:** string 
||

||
 type 
|
 **Type:** string 
|||#

</div>

</div>
<!-- markdownlint-disable-file -->

</div>"
`;
