// Jest Snapshot v1, https://goo.gl/fbAQLP

exports[`description renders correct description 1`] = `
"<div class="openapi">

# description

## Request

<div class="openapi__request__wrapper">

<div class="openapi__request" style="--method: var(--dc-openapi-methods-post)">

POST {.openapi__method}


\`\`\`
http://localhost:8080/test
\`\`\`


</div>

</div>

Generated server url{.openapi__request__description}

## Responses

<div class="openapi__response__code__200">

## 200 OK

### Body

{% cut "application/json" %}


\`\`\`json
{
    "pet": {
        "type": "string",
        "foo": "string"
    },
    "petWithoutDescription": {
        "type": "string",
        "foo": "string"
    },
    "refToSchemaWithDescription": {
        "type": "string",
        "bar": "string"
    },
    "simpleDescription": {}
}
\`\`\`


{% endcut %}


#|||
 **Name** 
|
 **Type** 
|
 **Description** 
||

||
 pet 
|
 [Cat](#cat) 
|
 From response
 
||

||
 petWithoutDescription 
|
 [Cat](#cat) 
|
 Cat class
 
||

||
 refToSchemaWithDescription 
|
 [Dog](#dog) 
|
 Dog class
 
||

||
 simpleDescription 
|
 object 
|
 Simple description
 
|||#

### Cat

Cat class

#|||
 **Name** 
|
 **Type** 
|
 **Description** 
||

||
 type 
|
 string 
|
 
 
||

||
 foo 
|
 string 
|
 
 
|||#

### Dog

Dog class

#|||
 **Name** 
|
 **Type** 
|
 **Description** 
||

||
 type 
|
 string 
|
 
 
||

||
 bar 
|
 string 
|
 
 
|||#

</div>
<!-- markdownlint-disable-file -->

</div>"
`;
