// Jest Snapshot v1, https://goo.gl/fbAQLP

exports[`required renders correct required 1`] = `
"<div class="openapi">

# required

## Request

<div class="openapi__request__wrapper">

<div class="openapi__request" style="--method: var(--dc-openapi-methods-post)">

POST {.openapi__method}


\`\`\`
http://localhost:8080/test
\`\`\`


</div>

</div>

Generated server url{.openapi__request__description}

### Body

{% cut "application/json" %}


\`\`\`json
{
    "d": 0,
    "e": 0
}
\`\`\`


{% endcut %}


#|||
 **Name** 
|
 **Type** 
|
 **Description** 
||

||
 a<span class="openapi__required">*</span> 
|
 number 
|
 
 
||

||
 b<span class="openapi__required">*</span> 
|
 number 
|
 
 
||

||
 c 
|
 number 
|
 
 
||

||
 d<span class="openapi__required">*</span> 
|
 number 
|
 
 
||

||
 e 
|
 number 
|
 
 
|||#

## Responses

<div class="openapi__response__code__200">

## 200 OK

Cat class

### Body

{% cut "application/json" %}


\`\`\`json
{
    "type": "string",
    "foo": "string"
}
\`\`\`


{% endcut %}


#|||
 **Name** 
|
 **Type** 
|
 **Description** 
||

||
 type 
|
 string 
|
 
 
||

||
 foo 
|
 string 
|
 
 
|||#

</div>
<!-- markdownlint-disable-file -->

</div>"
`;
