// Jest Snapshot v1, https://goo.gl/fbAQLP

exports[`required renders correct required 1`] = `
"<div class="openapi">

# required

## Request

<div class="openapi__requests">

<div class="openapi__request__wrapper" style="--method: var(--dc-openapi-methods-post);margin-bottom: 12px">

<div class="openapi__request">

POST {.openapi__method} 
\`\`\`
http://localhost:8080/test
\`\`\`



</div>

Generated server url

</div>

</div>

### Query parameters

#|||
 **Name** 
|
 **Description** 
||

||
 c<span class="openapi__required">*</span> 
|
 **Type:** number 
||

||
 a 
|
 **Type:** number 
||

||
 b 
|
 **Type:** number 
|||#

<div class="openapi-entity">

### Body

{% cut "application/json" %}


\`\`\`json
{
    "d": 0,
    "e": 0
}
\`\`\`


{% endcut %}


#|||
 **Name** 
|
 **Description** 
||

||
 a<span class="openapi__required">*</span> 
|
 **Type:** number 
||

||
 b<span class="openapi__required">*</span> 
|
 **Type:** number 
||

||
 d<span class="openapi__required">*</span> 
|
 **Type:** number 
||

||
 c 
|
 **Type:** number 
||

||
 e 
|
 **Type:** number 
|||#

</div>

## Responses

<div class="openapi__response__code__200">

## 200 OK

Cat class

<div class="openapi-entity">

### Body

{% cut "application/json" %}


\`\`\`json
{
    "type": "string",
    "foo": "string"
}
\`\`\`


{% endcut %}


#|||
 **Name** 
|
 **Description** 
||

||
 foo 
|
 **Type:** string 
||

||
 type 
|
 **Type:** string 
|||#

</div>

</div>
<!-- markdownlint-disable-file -->

</div>"
`;
